..\Drivers\Src\stm32f429zi_usart_driver.c:19:6:USART_SetBaudRate	40	static
..\Drivers\Src\stm32f429zi_usart_driver.c:93:6:USART_Init	24	static
..\Drivers\Src\stm32f429zi_usart_driver.c:189:6:USART_PeripheralControl	16	static
..\Drivers\Src\stm32f429zi_usart_driver.c:213:6:USART_PeriClockControl	16	static
..\Drivers\Src\stm32f429zi_usart_driver.c:255:9:USART_GetFlagStatus	16	static
..\Drivers\Src\stm32f429zi_usart_driver.c:276:6:USART_SendData	32	static
..\Drivers\Src\stm32f429zi_usart_driver.c:332:6:USART_ReceiveData	32	static
..\Drivers\Src\stm32f429zi_usart_driver.c:403:9:USART_SendDataIT	32	static
..\Drivers\Src\stm32f429zi_usart_driver.c:436:9:USART_ReceiveDataIT	32	static
..\Drivers\Src\stm32f429zi_usart_driver.c:469:6:USART_ClearFlag	16	static
..\Drivers\Src\stm32f429zi_usart_driver.c:485:6:USART_IRQInterruptConfig	16	static
..\Drivers\Src\stm32f429zi_usart_driver.c:536:6:USART_IRQPriorityConfig	24	static
..\Drivers\Src\stm32f429zi_usart_driver.c:549:6:USART_IRQHandling	32	static
..\Drivers\Src\stm32f429zi_usart_driver.c:836:28:USART_ApplicationEventCallback	16	static
