../Drivers/Src/stm32f429zi_spi_driver.c:29:9:SPI_GetFlagStatus	16	static
../Drivers/Src/stm32f429zi_spi_driver.c:45:6:SPI_PeriClockControl	16	static
../Drivers/Src/stm32f429zi_spi_driver.c:87:6:SPI_Init	24	static
../Drivers/Src/stm32f429zi_spi_driver.c:121:6:SPI_DeInit	16	static
../Drivers/Src/stm32f429zi_spi_driver.c:145:6:SPI_SendData	24	static
../Drivers/Src/stm32f429zi_spi_driver.c:181:9:SPI_SendDataIT	32	static
../Drivers/Src/stm32f429zi_spi_driver.c:207:6:SPI_ReceiveData	24	static
../Drivers/Src/stm32f429zi_spi_driver.c:242:10:SPI_ReceiveDataIT	32	static
../Drivers/Src/stm32f429zi_spi_driver.c:265:6:SPI_IRQConfig	16	static
../Drivers/Src/stm32f429zi_spi_driver.c:306:6:SPI_IRQPrority_Config	24	static
../Drivers/Src/stm32f429zi_spi_driver.c:322:6:SPI_IRQHandling	24	static
../Drivers/Src/stm32f429zi_spi_driver.c:357:6:SPI_PeripheralControl	16	static
../Drivers/Src/stm32f429zi_spi_driver.c:377:6:SSIConfig	16	static
../Drivers/Src/stm32f429zi_spi_driver.c:396:6:SSOEConfig	16	static
../Drivers/Src/stm32f429zi_spi_driver.c:407:14:spi_txe_interrupt_handle	16	static
../Drivers/Src/stm32f429zi_spi_driver.c:430:13:spi_rxne_interrupt_handle	16	static
../Drivers/Src/stm32f429zi_spi_driver.c:456:13:spi_ovr_err_interrupt_handle	24	static
../Drivers/Src/stm32f429zi_spi_driver.c:469:6:SPI_CloseTransmisson	16	static
../Drivers/Src/stm32f429zi_spi_driver.c:476:6:SPI_CloseReception	16	static
../Drivers/Src/stm32f429zi_spi_driver.c:482:6:SPI_ClearOVRFlag	24	static
../Drivers/Src/stm32f429zi_spi_driver.c:492:28:SPI_ApplicationEventCallback	16	static
